2026-08-15 17:19:45 [main] INFO com.automation.tests.LoginTestWithDataDriven Load the Homepage of the website 
2026-08-15 17:19:45 [main] INFO com.automation.pages.HomePage Launching Browser for CHROME 
2026-08-15 17:19:46 [main] INFO com.automation.pages.HomePage Visiting the website https://automationpractice.techwithjatin.com/ 
2026-08-15 17:19:47 [main] INFO com.automation.pages.HomePage Trying to performing click to go to Sign in Page 
2026-08-15 17:19:47 [main] INFO com.automation.pages.HomePage Finding Element with the locatorBy.xpath: //a[contains(text(),"Sign")] 
2026-08-15 17:19:47 [main] INFO com.automation.pages.HomePage Element Found and now performing Click 
2026-08-15 17:19:47 [main] INFO com.automation.pages.LoginPage Finding Element with the locatorBy.id: email 
2026-08-15 17:19:47 [main] INFO com.automation.pages.LoginPage Element Found and now enter text laxmanbhosale@test.com 
2026-08-15 17:19:47 [main] INFO com.automation.pages.LoginPage Finding Element with the locatorBy.id: passwd 
2026-08-15 17:19:47 [main] INFO com.automation.pages.LoginPage Element Found and now enter text Test@1234 
2026-08-15 17:19:47 [main] INFO com.automation.pages.LoginPage Finding Element with the locatorBy.id: SubmitLogin 
2026-08-15 17:19:47 [main] INFO com.automation.pages.LoginPage Element Found and now performing Click 
2026-08-15 17:19:48 [main] INFO com.automation.pages.MyAccountPage Finding Element with the locatorBy.xpath: //a[@title='View my customer account'] 
2026-08-15 17:19:48 [main] INFO com.automation.pages.MyAccountPage Element Found and now returning the visibile Laxman Patil Bhosle 
2026-08-15 17:19:48 [main] INFO com.automation.tests.LoginTestWithDataDriven Load the Homepage of the website 
2026-08-15 17:19:48 [main] INFO com.automation.pages.HomePage Launching Browser for CHROME 
2026-08-15 17:19:48 [main] INFO com.automation.pages.HomePage Visiting the website https://automationpractice.techwithjatin.com/ 
2026-08-15 17:19:49 [main] INFO com.automation.pages.HomePage Trying to performing click to go to Sign in Page 
2026-08-15 17:19:49 [main] INFO com.automation.pages.HomePage Finding Element with the locatorBy.xpath: //a[contains(text(),"Sign")] 
2026-08-15 17:19:49 [main] INFO com.automation.pages.HomePage Element Found and now performing Click 
2026-08-15 17:19:49 [main] INFO com.automation.pages.LoginPage Finding Element with the locatorBy.id: email 
2026-08-15 17:19:49 [main] INFO com.automation.pages.LoginPage Element Found and now enter text laxmanbhosale@test.com 
2026-08-15 17:19:49 [main] INFO com.automation.pages.LoginPage Finding Element with the locatorBy.id: passwd 
2026-08-15 17:19:49 [main] INFO com.automation.pages.LoginPage Element Found and now enter text Test@1234 
2026-08-15 17:19:49 [main] INFO com.automation.pages.LoginPage Finding Element with the locatorBy.id: SubmitLogin 
2026-08-15 17:19:49 [main] INFO com.automation.pages.LoginPage Element Found and now performing Click 
2026-08-15 17:19:50 [main] INFO com.automation.pages.MyAccountPage Finding Element with the locatorBy.xpath: //a[@title='View my customer account'] 
2026-08-15 17:19:50 [main] INFO com.automation.pages.MyAccountPage Element Found and now returning the visibile Laxman Patil Bhosle 
2026-08-15 17:19:50 [main] INFO com.automation.tests.LoginTestWithDataDriven Load the Homepage of the website 
2026-08-15 17:19:50 [main] INFO com.automation.pages.HomePage Launching Browser for CHROME 
2026-08-15 17:19:51 [main] INFO com.automation.pages.HomePage Visiting the website https://automationpractice.techwithjatin.com/ 
2026-08-15 17:19:51 [main] INFO com.automation.pages.HomePage Trying to performing click to go to Sign in Page 
2026-08-15 17:19:51 [main] INFO com.automation.pages.HomePage Finding Element with the locatorBy.xpath: //a[contains(text(),"Sign")] 
2026-08-15 17:19:51 [main] INFO com.automation.pages.HomePage Element Found and now performing Click 
2026-08-15 17:19:52 [main] INFO com.automation.pages.LoginPage Finding Element with the locatorBy.id: email 
2026-08-15 17:19:52 [main] INFO com.automation.pages.LoginPage Element Found and now enter text laxmanbhosale@test.com 
2026-08-15 17:19:52 [main] INFO com.automation.pages.LoginPage Finding Element with the locatorBy.id: passwd 
2026-08-15 17:19:52 [main] INFO com.automation.pages.LoginPage Element Found and now enter text Test@1234 
2026-08-15 17:19:52 [main] INFO com.automation.pages.LoginPage Finding Element with the locatorBy.id: SubmitLogin 
2026-08-15 17:19:52 [main] INFO com.automation.pages.LoginPage Element Found and now performing Click 
2026-08-15 17:19:52 [main] INFO com.automation.pages.MyAccountPage Finding Element with the locatorBy.xpath: //a[@title='View my customer account'] 
2026-08-15 17:19:52 [main] INFO com.automation.pages.MyAccountPage Element Found and now returning the visibile Laxman Patil Bhosle 
2026-08-15 17:19:52 [main] INFO com.automation.tests.LoginTestWithDataDriven Load the Homepage of the website 
2026-08-15 17:19:52 [main] INFO com.automation.pages.HomePage Launching Browser for CHROME 
2026-08-15 17:19:53 [main] INFO com.automation.pages.HomePage Visiting the website https://automationpractice.techwithjatin.com/ 
2026-08-15 17:19:54 [main] INFO com.automation.pages.HomePage Trying to performing click to go to Sign in Page 
2026-08-15 17:19:54 [main] INFO com.automation.pages.HomePage Finding Element with the locatorBy.xpath: //a[contains(text(),"Sign")] 
2026-08-15 17:19:54 [main] INFO com.automation.pages.HomePage Element Found and now performing Click 
2026-08-15 17:19:54 [main] INFO com.automation.pages.LoginPage Finding Element with the locatorBy.id: email 
2026-08-15 17:19:54 [main] INFO com.automation.pages.LoginPage Element Found and now enter text laxmanbhosale@test.com 
2026-08-15 17:19:54 [main] INFO com.automation.pages.LoginPage Finding Element with the locatorBy.id: passwd 
2026-08-15 17:19:54 [main] INFO com.automation.pages.LoginPage Element Found and now enter text Test@1234 
2026-08-15 17:19:54 [main] INFO com.automation.pages.LoginPage Finding Element with the locatorBy.id: SubmitLogin 
2026-08-15 17:19:54 [main] INFO com.automation.pages.LoginPage Element Found and now performing Click 
2026-08-15 17:19:54 [main] INFO com.automation.pages.MyAccountPage Finding Element with the locatorBy.xpath: //a[@title='View my customer account'] 
2026-08-15 17:19:54 [main] INFO com.automation.pages.MyAccountPage Element Found and now returning the visibile Laxman Patil Bhosle 
2026-08-15 17:19:54 [main] INFO com.automation.tests.LoginTestWithDataDriven Load the Homepage of the website 
2026-08-15 17:19:54 [main] INFO com.automation.pages.HomePage Launching Browser for CHROME 
2026-08-15 17:19:55 [main] INFO com.automation.pages.HomePage Visiting the website https://automationpractice.techwithjatin.com/ 
2026-08-15 17:19:56 [main] INFO com.automation.pages.HomePage Trying to performing click to go to Sign in Page 
2026-08-15 17:19:56 [main] INFO com.automation.pages.HomePage Finding Element with the locatorBy.xpath: //a[contains(text(),"Sign")] 
2026-08-15 17:19:56 [main] INFO com.automation.pages.HomePage Element Found and now performing Click 
2026-08-15 17:19:56 [main] INFO com.automation.pages.LoginPage Finding Element with the locatorBy.id: email 
2026-08-15 17:19:56 [main] INFO com.automation.pages.LoginPage Element Found and now enter text laxmanbhosale@test.com 
2026-08-15 17:19:56 [main] INFO com.automation.pages.LoginPage Finding Element with the locatorBy.id: passwd 
2026-08-15 17:19:56 [main] INFO com.automation.pages.LoginPage Element Found and now enter text Test@1234 
2026-08-15 17:19:56 [main] INFO com.automation.pages.LoginPage Finding Element with the locatorBy.id: SubmitLogin 
2026-08-15 17:19:56 [main] INFO com.automation.pages.LoginPage Element Found and now performing Click 
2026-08-15 17:19:56 [main] INFO com.automation.pages.MyAccountPage Finding Element with the locatorBy.xpath: //a[@title='View my customer account'] 
2026-08-15 17:19:56 [main] INFO com.automation.pages.MyAccountPage Element Found and now returning the visibile Laxman Patil Bhosle 
2026-08-15 17:19:56 [main] INFO com.automation.tests.LoginTestWithDataDriven Load the Homepage of the website 
2026-08-15 17:19:56 [main] INFO com.automation.pages.HomePage Launching Browser for CHROME 
2026-08-15 17:19:57 [main] INFO com.automation.pages.HomePage Visiting the website https://automationpractice.techwithjatin.com/ 
2026-08-15 17:19:58 [main] INFO com.automation.pages.HomePage Trying to performing click to go to Sign in Page 
2026-08-15 17:19:58 [main] INFO com.automation.pages.HomePage Finding Element with the locatorBy.xpath: //a[contains(text(),"Sign")] 
2026-08-15 17:19:58 [main] INFO com.automation.pages.HomePage Element Found and now performing Click 
2026-08-15 17:19:58 [main] INFO com.automation.pages.LoginPage Finding Element with the locatorBy.id: email 
2026-08-15 17:19:58 [main] INFO com.automation.pages.LoginPage Element Found and now enter text laxmanbhosale@test.com 
2026-08-15 17:19:58 [main] INFO com.automation.pages.LoginPage Finding Element with the locatorBy.id: passwd 
2026-08-15 17:19:58 [main] INFO com.automation.pages.LoginPage Element Found and now enter text Test@1234 
2026-08-15 17:19:59 [main] INFO com.automation.pages.LoginPage Finding Element with the locatorBy.id: SubmitLogin 
2026-08-15 17:19:59 [main] INFO com.automation.pages.LoginPage Element Found and now performing Click 
2026-08-15 17:19:59 [main] INFO com.automation.pages.MyAccountPage Finding Element with the locatorBy.xpath: //a[@title='View my customer account'] 
2026-08-15 17:19:59 [main] INFO com.automation.pages.MyAccountPage Element Found and now returning the visibile Laxman Patil Bhosle 
